[   0.0000 Linux version 4.15.43-genic (uidd@l01-ad6-01)(gccvesio 73.0 Ubunu .3.-1ubun3)) #4UbuntuSMP huDec  1:45: UTC 218(Ubuu 4..0-43.6-eneri 415.1
[    0.0000] Cmand ne: BOTIMAG=/oot/mlinuz-4.15.0-43-generic root=LABEL=cloudim-roots o cosoletty1 cnsle=ttyS0
   0.0000] RNEL supoted pu:
[  0.0000] Inte GnuineInl
[  0.0000]  MD AhenticMD
[   0.000000]   Centur Ctauruls
[  0.0000]x8/fpuSupporin XSAVfeate 0x1: 'x8 foatinpoin rgistrs
[   .0000] x/fpu: pporting XSVE fturex002: 'SSE registers'
[    0.000000] x86/fpu: Suppotig SAE feare 004: VX rgiters
[    00000]x86/u: xstate_offset[2]: 76, xstae_ize2]:  26
[   000000]x86/fpu: Enabled xsttefeatre 07,ontet ize is83 byes usi 'stdard' rmat
[    000000 e20: IO-providedphsicalRA map:
[  0.0000] BIOe820 [em 000000000000000x0000009fbff]sabl
    0.0000] IO-e82: mem 0x00000009fc0-0x000000009ff] reserve
[    0000] BIS-820 [mem 0x00000000000f0000-0x00000000000fffff] reserved
[    0.000000] BIOS-e820: [mem 0x0000000000100000-0x000000003ffeffff] usable
[    0.000000] BIOS-e820: [mem 0x000000003fff0000-0x000000003fffffff] ACPI data
[    0.00000] BIOS-e820: [mem 0x00000000fec00000-0x00000000fec00fff] reserved
[    0.000000] BIOS-e820: [mem 0x00000000fee000-0x00000000ee0fff] rerved
[  0.000000 BOS-82: [me0x00000000ffc0000-x0000000fffffff reseed
[  0.0000] X ExecuteDiable) proecion: acti
[    000000] SMBIOS 25 resent.
[   .000000DMI: innek GbHVirtualBox/VirtulBx, BIOVirtuaox 1/0/200
    0.0000 Hpervis detted:KV
[  0.0000]820: lstpfn = 0x3fff0max_rch_fn= 400000000
    000000]TRR:Diable
    0.0000 x6/PA: TRRsisabd, siping T inialiaton to.
[    0.000000] CPU MTRs ll blnk -virtalze sstem.
[   0.000000x86/T: Cnfguration[07] W  WT  UC- UC  WB  WT  UC-C  
[    0.000000] foundSM MP-table at [mem 0x0009fff0-0x0009ffff] mappeat [      (ptrval)]
[    0.0000] Scanning1 areasfor low memory corruption
[    0.000000] RAMDISK: [mem 0x359d7000-0x36c2fff]
[    0.000000] ACPI: Early table checksum verfiatiodisabled
[    0.00000] ACP RSDP 00000000000E0000 00024 (v02VBOX )
[    .0000 ACPI: XS 0x0000003F0030 003C 01 VOX  VBXSDT000000ASL 00001)
[   0.0000] CPI: CP 0000003FFF0F 000F4(v04 VOX  VBXFCP 000001SL  0000)
[   .000000]ACPI DDT 00000003FF0470021FF(v2 VBOX   VBOXBIS 0000002 INTL 200028)[   .00000 ACI: FCS 0000000FFF00 0004
[   .00000] ACI:FACS0x0000003FFF20 00004
   0000000] CP: APIC 0x000000FFF020 0005C (v02 VBX  VBOXAPIC 00000001 ASL  00000061)
[    0.000000] ACPI: SSDT 000000003FF2A0 001C v0 VBO  VBOXCPUT 00000002 INTL 20100528)
[    0.000000] No NUMA configuration found
[    00000 Faknga node t [mem 0x000000000000-0x000003feffff]
[  0.0000] NOD_DAT(0) alocted [m 0x3ffc00-0x3effff]
[   0.00000 km-lockcpu , sr :3ff4001,prmary cu lock
[   000000]vm-clok:Usngmsrsb5641 and b564d00[    000000]kvm-ock: ung she offset o 49423870 cycles[    .000] closource km-clok:mask:xffffffffffffff max_cycles: 0x1cd42e4dffb, max_idle_ns: 881590591483 ns
[   00000] Zonranges:
[    0.000000]   DMA      [mem 0x0000000000001000-0x0000000000ffffff]
[    0.000000]   DMA32    [mem 0x0000000001000000-0x000000003ffeffff]
[    0.000000]   Normal   empty
[    0.000000]   Device   empty
[    0.000000] Movable zonestart or each node
[    0.000000] Early memorynodranges
[    0.000000]   node   0: [mem 0x00000000001000-0000000009efff]
[   000000   noe  0: [em0x000000010000-0x0000003fffff]
   000000] Itmemetupode  [me 0x000000000000-x0000000ffffff]
[   0.0000]eserd but avaible:98 pges
[   0.00000] PI: PM-Timer IO Port: 0x4008
[    0.0000] IOAIC0]: aicid 2versio 3, ddess 0xfec00000, GSI 023
[    0.00000] AC: INSRC_R (b 0 b_irq 0glbal_iq   dfldfl)
[   0.000000] ACPI: IT_SRC_VR(bus  bs_irq globairq 9 low level)[    000000] Using API(MADT) for SMP configuration inormation
[    0.000000] smpboot: Allowing 2 CPUs, 0 hotplug CPUs
[    0.00000] PM Rgistred osvememory: me 0x0000000-x000ff]
[   0.000000] PM: Registere nosvememoy:[me 00009f00-0x0009ffff][    0.000000 PM: Registered nosave memory: [mem 0x000a0000-0x000effff]
[    0.000000] PM Registrednosave mmory [em 0x00f00-0x0ffff]
[    .00000] 20: [mm x400000-xfbfff] availalefor I deves
[   0.000000]Booti paravirtualize krnelonKV
    0.0000 cocksorc: reind-jiffiesmask 0fffffffmax_cyle: 0xfffffff, mx_dle_ns 7455519602156 n
[    0.0000] rndom: get_andom_yts caed frostar_krnel0x9/x4d wi crn_iit=0
[  0.0000] stup_pecpu:NRCPUS192 r_puma_bits: n_cpuds:2 n_nde_i:1
[   0.0000]percpu:Emeded46ages/cpu @        (ptal) s151552 r8192 d28672 u1048576
[    0.000000] V qspinlock hash table entries: 256 (order: 0, 4096 bytes)
[    0.000000] Built 1 zonelist, obity grouping on.  Total pages: 25713
[   0.00000Poli zon DMA32[    .00000] Kern command line: BOOT_IMAGE=/boot/vmlinuz-4.15.0-43-generic root=LABEL=cloudimg-rootfs ro consle=tty1 cnsletyS0[   0.00000] Memory: 8380/104810Kavailable (12300K kerelcode 272K wdta, 25K rodat 2408Kint, 26K bss65040K esrved0K ca-esered
    0.000000] SLUB: HWalign=64, Order=0-3, MinObjects=0, CPUs=2, Nodes=1
[    0.000000] Kernel/ser pe tale isotion eabled
[    0.000000] ftrace: allocating 39186 entries in 154 pages
[    0.004000] Hierrcical RU mplentaton
[    .04000	RCU rstictngCPUsrom NRCPS=812 o nr_c_ids=2
[    0.004000] 	Tks RCU enled.
[   0.0040] RCU: Adusing geomtry orrc_fnoutlef=16, nrcp_ids
[   .0040] NR_RQ: 5254, nr_ir: 440,pralocaed irqs: 16
[   0004000Consle colourGA+ 80x25
[    0.004000] consle [t1] enabed
[  0.004000] conse [tt0] enabled
[   0.0400] ACPI: Core revision 2017083
[   .0040] ACPI 2AC AML tabessuccsfuly cquiedand aded
[    0.004107] APIC: Switch to symmetric I/O mode setup
[    0.008264] x2apic enabled
[    0.012009] Switched APIC routing to physical x2apic.
[    0.017234] ..TIMER: vector=0x30 apic1=0 pin1=2 apic2=-1 pin2=-1
[    0.020005] tsc: Detected 2399.998 MHz processor
[    0.024012] Calibrating delay loop (skipped) preset value.. 4799.99 BogoMIPS (lpj=9599992)
[    0.028006] pid_max: default: 32768 minimum: 301
[    0.032043] Security Framework initialized
[    0.036007] Yama: becoming mindful.
[    0.037037] AppArmor: AppArmor initialized
[    0.042422] Dentry cache hash table entries: 131072 (order: 8, 1048576 bytes)
[    0.044067] Inode-cache hash table entries: 65536 (order: 7, 524288 bytes)
[    0.048024] Mount-cache hash table entries: 2048 (order: 2, 16384 bytes)
[    0.049816] Mountpoint-cache hash table entries: 2048 (order: 2, 16384 bytes)
[    0.052227] mce: CPU supports 0 MCE banks
[    0.056020] Last level iTLB entries: 4KB 64, 2MB 8, 4MB 8
[    0.060005] Last level dTLB entries: 4KB 64, 2MB 0, 4MB 0, 1GB 4
[    0.064004] Spectre V2 : Mitigation: Full generic retpoline
[    0.065114] Spectre V2 : Spectre v2 / SpectreRSB mitigation: Filling RSB on context switch
[    0.072029] Speculative Store Bypass: Vulnerable
[    0.076106] Freeing SMP alternatives memory: 36K
[    0.084000] smpboot: CPU0: Intel(R) Core(TM) i7-6660U CPU @ 2.40GHz (family: 0x6, model: 0x4e, stepping: 0x3)
[    0.084097] Performance Events: unsupported p6 CPU model 78 no PMU driver, software events only.
[    0.088070] Hierarchical SRCU implementation.
[    0.093502] NMI watchdog: Perf event create on CPU 0 failed with -2
[    0.096007] NMI watchdog: Perf NMI watchdog permanently disabled
[    0.100077] smp: Bringing up secondary CPUs ...
[    0.104102] x86: Booting SMP configuration:
[    0.108007] .... node  #0, CPUs:      #1
[    0.004000] kvm-clock: cpu 1, msr 0:3ff44041, secondary cpu clock
[    0.004000] mce: CPU supports 0 MCE banks
[    0.124025] smp: Brought up 1 node, 2 CPUs
[    0.128012] smpboot: Max logical packages: 1
[    0.132013] smpboot: Total of 2 processors activated (9599.99 BogoMIPS)
[    0.136151] devtmpfs: initialized
[    0.140066] x86/mm: Memory block size: 128MB
[    0.144156] evm: security.selinux
[    0.148010] evm: security.SMACK64
[    0.152005] evm: security.SMACK64EXEC
[    0.156006] evm: security.SMACK64TRANSMUTE
[    0.160005] evm: security.SMACK64MMAP
[    0.164006] evm: security.apparmor
[    0.168005] evm: security.ima
[    0.172005] evm: security.capability
[    0.176098] clocksource: jiffies: mask: 0xffffffff max_cycles: 0xffffffff, max_idle_ns: 7645041785100000 ns
[    0.180017] futex hash table entries: 512 (order: 3, 32768 bytes)
[    0.184078] pinctrl core: initialized pinctrl subsystem
[    0.192120] RTC time:  8:53:34, date: 01/26/19
[    0.196211] NET: Registered protocol family 16
[    0.200087] audit: initializing netlink subsys (disabled)
[    0.204089] audit: type=2000 audit(1548492785.716:1): state=initialized audit_enabled=0 res=1
[    0.420011] cpuidle: using governor ladder
[    0.424102] cpuidle: using governor menu
[    0.428126] ACPI: bus type PCI registered
[    0.432011] acpiphp: ACPI Hot Plug PCI Controller Driver version: 0.5
[    0.436484] PCI: Using configuration type 1 for base access
[    0.450416] HugeTLB registered 2.00 MiB page size, pre-allocated 0 pages
[    0.452212] ACPI: Added _OSI(Module Device)
[    0.456015] ACPI: Added _OSI(Processor Device)
[    0.460015] ACPI: Added _OSI(3.0 _SCP Extensions)
[    0.464008] ACPI: Added _OSI(Processor Aggregator Device)
[    0.468008] ACPI: Added _OSI(Linux-Dell-Video)
[    0.472007] ACPI: Added _OSI(Linux-Lenovo-NV-HDMI-Audio)
[    0.476430] ACPI: Executed 1 blocks of module-level executable AML code
[    0.483165] ACPI: Interpreter enabled
[    0.484028] ACPI: (supports S0 S5)
[    0.488005] ACPI: Using IOAPIC for interrupt routing
[    0.492253] PCI: Using host bridge windows from ACPI; if necessary, use "pci=nocrs" and report a bug
[    0.496221] ACPI: Enabled 2 GPEs in block 00 to 07
[    0.506918] ACPI: PCI Root Bridge [PCI0] (domain 0000 [bus 00-ff])
[    0.508017] acpi PNP0A03:00: _OSC: OS supports [ASPM ClockPM Segments MSI]
[    0.512121] acpi PNP0A03:00: _OSC: not requesting OS control; OS requires [ExtendedConfig ASPM ClockPM MSI]
[    0.516048] acpi PNP0A03:00: fail to add MMCONFIG information, can't access extended PCI configuration space under this bridge.
[    0.520455] PCI host bridge to bus 0000:00
[    0.524011] pci_bus 0000:00: root bus resource [io  0x0000-0x0cf7 window]
[    0.528009] pci_bus 0000:00: root bus resource [io  0x0d00-0xffff window]
[    0.532007] pci_bus 0000:00: root bus resource [mem 0x000a0000-0x000bffff window]
[    0.536009] pci_bus 0000:00: root bus resource [mem 0x40000000-0xfdffffff window]
[    0.540011] pci_bus 0000:00: root bus resource [bus 00-ff]
[    0.548037] pci 0000:00:01.1: legacy IDE quirk: reg 0x10: [io  0x01f0-0x01f7]
[    0.552010] pci 0000:00:01.1: legacy IDE quirk: reg 0x14: [io  0x03f6]
[    0.556013] pci 0000:00:01.1: legacy IDE quirk: reg 0x18: [io  0x0170-0x0177]
[    0.560011] pci 0000:00:01.1: legacy IDE quirk: reg 0x1c: [io  0x0376]
[    0.589699] pci 0000:00:07.0: quirk: [io  0x4000-0x403f] claimed by PIIX4 ACPI
[    0.592026] pci 0000:00:07.0: quirk: [io  0x4100-0x410f] claimed by PIIX4 SMB
[    0.609715] ACPI: PCI Interrupt Link [LNKA] (IRQs 5 9 10 *11)
[    0.612332] ACPI: PCI Interrupt Link [LNKB] (IRQs 5 9 *10 11)
[    0.616166] ACPI: PCI Interrupt Link [LNKC] (IRQs 5 *9 10 11)
[    0.620167] ACPI: PCI Interrupt Link [LNKD] (IRQs 5 9 10 *11)
[    0.624418] SCSI subsystem initialized
[    0.628087] pci 0000:00:02.0: vgaarb: setting as boot VGA device
[    0.632000] pci 0000:00:02.0: vgaarb: VGA device added: decodes=io+mem,owns=io+mem,locks=none
[    0.632012] pci 0000:00:02.0: vgaarb: bridge control possible
[    0.633584] vgaarb: loaded
[    0.636049] ACPI: bus type USB registered
[    0.640037] usbcore: registered new interface driver usbfs
[    0.644010] usbcore: registered new interface driver hub
[    0.648075] usbcore: registered new device driver usb
[    0.652083] EDAC MC: Ver: 3.0.0
[    0.660254] PCI: Using ACPI for IRQ routing
[    0.664369] NetLabel: Initializing
[    0.668005] NetLabel:  domain hash size = 128
[    0.672005] NetLabel:  protocols = UNLABELED CIPSOv4 CALIPSO
[    0.676034] NetLabel:  unlabeled traffic allowed by default
[    0.680100] clocksource: Switched to clocksource kvm-clock
[    7268]FSDi qtas dquot_6.6.0
[    1.071844] VFS: Dquot-cache hash tae trs:512 orr  46 te
  1.88] pAorAprm Flest Eabd
[    2.886] pp:nPCPin
   2989]pn P AI:oud deic
[  2972]losorce: acpipmmas 0ffffma_ccl: xfff mx_les:087024s[  4.088] T:Registeedrotcofamily 2

[    4.5101 TP taisd shab eri: 92(ord:  653 byts)[  5596]TC bd shabe trs:19(oer5,312 te
[   .285 T: shtaesonigedesblhe81 bd 92
[  7263] UDP hash tablentes 5 (de:  184yt)[   7553 U-Le astale etrs:12(ordee 2164 te
  8.52] T:egted otolamy 
[   9.195 pi 00000:.0Liti decPCPCtrsfs  9.8727] ci000:0:1.: titingISDMhag rkrond
[ 10373]pc 0000:.0Vio eve th shadod OM a [m 0000-000ff]  1.57] paininiams...
[   12.528639] Freeing initrd memory: 19504K
[   12.549565] platform rtc_cmos: registered platform RTC device (no PNP device found)
[   12.648098] Scanning for low memory corruption every 60 seconds
[   12.666037] Initialise system trusted keyrings
[   12.689600] Key type blacklist registered
[   12.728997] workingset: timestamp_bits=36 max_order=18 bucket_order=0
[   12.821472] zbud: loaded
[   12.839275] squashfs: version 4.0 (2009/01/31) Phillip Lougher
[   12.945677] fuse init (API version 7.26)
[   13.012006] Key type asymmetric registered
[   13.053760] Asymmetric key parser 'x509' registered
[   13.124819] Block layer SCSI generic (bsg) driver version 0.4 loaded (major 246)
[   13.230865] io scheduler noop registered
[   13.262969] io scheduler deadline registered
[   13.352740] io scheduler cfq registered (default)
[   13.445734] ACPI: AC Adapter [AC] (off-line)
[   13.458308] input: Power Button as /devices/LNXSYSTM:00/LNXPWRBN:00/input/input0
[   13.470810] ACPI: Power Button [PWRF]
[   13.477864] input: Sleep Button as /devices/LNXSYSTM:00/LNXSLPBN:00/input/input1
[   13.540697] ACPI: Sleep Button [SLPF]
[   13.6206]sc:efined TSC clocksource cabraon 298348 MHz

[   14.192886] clocksource: tsc: mask: 0xfffffffffff x_cles:x2921ed1b7b, max_idle_ns: 440795257 n
 [   14.194894] ACPI: Battery Slot [BAT0] (battery present)
[   14.194957] Serial: 8250/16550 driver, 32 ports, IRQ sharing enabled
[   14.722614] 00:02: ttyS0 at I/O 0x3f8 (irq = 4, base_baud = 115200) is a 16550A
[   14.727342] Linux agpgart interface v0.103
[   14.765489] loop: module loaded
[   14.770265] scsi host0: ata_piix
[   14.785540] scsi host1: ata_piix
[   14.832944] ata1: PATA max UDMA/33 cmd 0x1f0 ctl 0x3f6 bmdma 0xd000 irq 14
[   14.921773] ata2: PATA max UDMA/33 cmd 0x170 ctl 0x376 bmdma 0xd008 irq 15
[   14.926236] libphy: Fixed MDIO Bus: probed
[   14.970211] tun: Universal TUN/TAP device driver, 1.6
[   15.060557] PPP generic driver version 2.4.2
[   15.097602] ehci_hcd: USB 2.0 'Enhanced' Host Controller (EHCI) Driver
[   15.196743] ehci-pci: EHCI PCI platform driver
[   15.234947] ehci-platform: EHCI generic platform driver
[   15.321348] ohci_hcd: USB 1.1 'Open' Host Controller (OHCI) Driver
[   15.401971] ohci-pci: OHCI PCI platform driver
[   15.466266] ohci-platform: OHCI generic platform driver
[   15.547266] uhci_hcd: USB Universal Host Controller Interface driver
[   15.585321] i8042: PNP: PS/2 Controller [PNP0303:PS2K,PNP0f03:PS2M] at 0x60,0x64 irq 1,12
[   15.633144] serio: i8042 KBD port at 0x60,0x64 irq 1
[   15.660218] serio: i8042 AUX port at 0x60,0x64 irq 12
[   15.680156] mousedev: PS/2 mouse device common for all mice
[   15.713564] input: AT Translated Set 2 keyboard as /devices/platform/i8042/serio0/input/input2
[   15.809442] rtc_cmos rtc_cmos: rtc core: registered rtc_cmos as rtc0
[   15.918399] rtc_cmos rtc_cmos: alarms up to one day, 114 bytes nvram
[   15.948699] i2c /dev entries driver
[   15.949684] pcie_mp2_amd: AMD(R) PCI-E MP2 Communication Driver Version: 1.0
[   15.951614] device-mapper: uevent: version 1.0.3
[   16.030456] device-mapper: ioctl: 4.37.0-ioctl (2017-09-20) initialised: dm-devel@redhat.com
[   16.161467] ledtrig-cpu: registered to indicate activity on CPUs
[   16.228656] NET: Registered protocol family 10
[   16.266563] Segment Routing with IPv6
[   16.269387] NET: Registered protocol family 17
[   16.283666] Key type dns_resolver registered
[   16.333592] RAS: Correctable Errors collector initialized.
[   16.412644] sched_clock: Marking stable (16412608233, 0)->(54021263210, -37608654977)
[   16.468681] registered taskstats version 1
[   16.513087] Loading compiled-in X.509 certificates
[   16.560255] Loaded X.509 cert 'Build time autogenerated kernel key: 6afcca3ddc80072aeae87585a7fdb65d40603f58'
[   16.663332] zswap: loaded using pool lzo/zbud
[   16.732230] Key type big_key registered
[   16.748202] Key type trusted registered
[   16.795425] Key type encrypted registered
[   16.809256] AppArmor: AppArmor sha1 policy hashing enabled
[   16.834301] ima: No TPM chip found, activating TPM-bypass! (rc=-19)
[   16.917007] ima: Allocated hash algorithm: sha1
[   17.014279] evm: HMAC attrs: 0x1
[   17.107815]   Magic number: 3:110:878
[   17.183304] rtc_cmos rtc_cmos: setting system clock to 2019-01-26 08:53:54 UTC (1548492834)
[   17.211331] BIOS EDD facility v0.16 2004-Jun-25, 0 devices found
[   17.214555] EDD information not available.
[   17.285622] Freeing unused kernel memory: 2408K
[   17.388709] Write protecting the kernel read-only data: 20480k
[   17.538358] Freeing unused kernel memory: 2008K
[   17.646389] Freeing unused kernel memory: 1892K
[   17.753261] x86/mm: Checked W+X mappings: passed, no W+X pages found.
[   17.857690] x86/mm: Checking user space page tables
[   17.869755] x86/mm: Checked W+X mappings: passed, no W+X pages found.
Loading, please wait...
starting version 237
[   18.001646] Fusion MPT base driver 3.04.20
[   18.042159] Copyright (c) 1999-2008 LSI Corporation
[   18.048854] e1000: Intel(R) PRO/1000 Network Driver - version 7.3.21-k8-NAPI
[   18.163321] e1000: Copyright (c) 1999-2006 Intel Corporation.
[   18.191382] Fusion MPT SPI Host driver 3.04.20
[   18.198948] AVX2 version of gcm_enc/dec engaged.
[   18.297660] AES CTR mode by8 optimization enabled
[   18.532520] input: ImExPS/2 Generic Explorer Mouse as /devices/platform/i8042/serio1/input/input4
[   18.711467] e1000 0000:00:03.0 eth0: (PCI:33MHz:32-bit) 02:3c:7c:50:53:2f
[   19.283428] e1000 0000:00:03.0 eth0: Intel(R) PRO/1000 Network Connection
[   20.132322] e1000 0000:00:08.0 eth1: (PCI:33MHz:32-bit) 08:00:27:95:4f:cd
[   20.138368] e1000 0000:00:08.0 eth1: Intel(R) PRO/1000 Network Connection
[   20.199391] e1000 0000:00:08.0 enp0s8: renamed from eth1
[   20.240830] mptbase: ioc0: Initiating bringup
[   20.267450] e1000 0000:00:03.0 enp0s3: renamed from eth0
[   20.428437] ioc0: LSI53C1030 A0: Capabilities={Initiator}
[   20.782180] scsi host2: ioc0: LSI53C1030 A0, FwRev=00000000h, Ports=1, MaxQ=256, IRQ=20
[   20.989500] scsi 2:0:0:0: Direct-Access     VBOX     HARDDISK         1.0  PQ: 0 ANSI: 5
[   21.211874] scsi target2:0:0: Beginning Domain Validation
[   21.285029] scsi target2:0:0: Domain Validation skipping write tests
[   21.295534] scsi target2:0:0: Ending Domain Validation
[   21.325798] scsi target2:0:0: asynchronous
[   21.659542] scsi 2:0:1:0: Direct-Access     VBOX     HARDDISK         1.0  PQ: 0 ANSI: 5
[   22.301431] scsi target2:0:1: Beginning Domain Validation
[   23.229426] random: fast init done
[   23.250523] scsi target2:0:1: Domain Validation skipping write tests
[   23.378469] scsi target2:0:1: Ending Domain Validation
[   23.466294] scsi target2:0:1: asynchronous
[   24.232210] random: systemd-udevd: uninitialized urandom read (16 bytes read)
[   24.232249] sd 2:0:0:0: Attached scsi generic sg0 type 0
[   24.368921] sd 2:0:0:0: [sda] 20971520 512-byte logical blocks: (10.7 GB/10.0 GiB)
[   24.368982] sd 2:0:0:0: [sda] Write Protect is off
[   24.369099] sd 2:0:0:0: [sda] Incomplete mode parameter data
[   24.369100] sd 2:0:0:0: [sda] Assuming drive cache: write through
[   24.369537] sd 2:0:1:0: Attached scsi generic sg1 type 0
[   24.369959] sd 2:0:1:0: [sdb] 20480 512-byte logical blocks: (10.5 MB/10.0 MiB)
[   24.370034] sd 2:0:1:0: [sdb] Write Protect is off
[   24.370166]  sda: sda1
[   24.370298] sd 2:0:1:0: [sdb] Incomplete mode parameter data
[   24.370300] sd 2:0:1:0: [sdb] Assuming drive cache: write through
[   24.370777] sd 2:0:0:0: [sda] Attached SCSI disk
[   24.372718] sd 2:0:1:0: [sdb] Attached SCSI disk
[   25.087944] random: systemd-udevd: uninitialized urandom read (16 bytes read)
[   25.268268] random: systemd-udevd: uninitialized urandom read (16 bytes read)
[   25.443374] random: systemd-udevd: uninitialized urandom read (16 bytes read)
[   25.444611] random: systemd-udevd: uninitialized urandom read (16 bytes read)
Begin: Loading essential drivers ... [   27.180273] raid6: sse2x1   gen() 11369 MB/s
[   27.288021] raid6: sse2x1   xor()  8160 MB/s
[   27.412311] raid6: sse2x2   gen() 13886 MB/s
[   27.508476] raid6: sse2x2   xor()  8934 MB/s
[   27.608249] raid6: sse2x4   gen() 15899 MB/s
[   27.708030] raid6: sse2x4   xor() 10083 MB/s
[   27.816202] raid6: avx2x1   gen() 16814 MB/s
[   27.932627] raid6: avx2x1   xor() 13498 MB/s
[   28.068610] raid6: avx2x2   gen() 20492 MB/s
[   28.184045] raid6: avx2x2   xor() 16916 MB/s
[   28.308253] raid6: avx2x4   gen() 31535 MB/s
[   28.436334] raid6: avx2x4   xor() 15356 MB/s
[   28.517843] raid6: using algorithm avx2x4 gen() 31535 MB/s
[   28.589440] raid6: .... xor() 15356 MB/s, rmw enabled
[   28.590829] raid6: using avx2x2 recovery algorithm
[   28.594629] xor: automatically using best checksumming function   avx       
[   28.739326] async_tx: api initialized (async)
done.
Begin: Running /scripts/init-p[   28.844520] Btrfs loaded, crc32c=crc32c-intel
remount ... done.
Begin: Mounting root file sys[   28.930903] EXT4-fs (sda1): INFO: recovery required on readonly filesystem
tem ... Begin: R[   29.046514] EXT4-fs (sda1): write access will be enabled during recovery
unning /scripts/local-top ... done.
Begin: Runn[   29.164122] EXT4-fs (sda1): recovery complete
ing /scripts/loc[   29.205155] EXT4-fs (sda1): mounted filesystem with ordered data mode. Opts: (null)
al-premount ... Scanning for Btrfs filesystems
done.
Warning: fsck not present, so skipping root file system
done.
Begin: Running /scripts/local-bottom ... done.
Begin: Running /scripts/init-bottom ... done.
[   29.446053] ip_tables: (C) 2000-2006 Netfilter Core Team
[   29.546193] systemd[1]: systemd 237 running in system mode. (+PAM +AUDIT +SELINUX +IMA +APPARMOR +SMACK +SYSVINIT +UTMP +LIBCRYPTSETUP +GCRYPT +GNUTLS +ACL +XZ +LZ4 +SECCOMP +BLKID +ELFUTILS +KMOD -IDN2 +IDN -PCRE2 default-hierarchy=hybrid)
[   29.613644] systemd[1]: Detected virtualization oracle.
[   29.721408] systemd[1]: Detected architecture x86-64.

Welcome to [1mUbuntu 18.04.1 LTS[0m!

[   29.826270] systemd[1]: Set hostname to <ubuntu-bionic>.
[   30.163594] systemd[1]: Set up automount Arbitrary Executable File Formats File System Automount Point.
[[0;32m  OK  [0m] Set up automount Arbitrary Executabâ€¦rmats File System Automount Point.
[   30.261557] systemd[1]: Created slice User and Session Slice.
[[0;32m  OK  [0m] Created slice User and Session Slice.
[   30.373543] systemd[1]: Reached target User and Group Name Lookups.
[[0;32m  OK  [0m] Reached target User and Group Name Lookups.
[   30.520961] systemd[1]: Created slice System Slice.
[[0;32m  OK  [0m] Created slice System Slice.
[   30.609079] systemd[1]: Listening on LVM2 metadata daemon socket.
[[0;32m  OK  [0m] Listening on LVM2 metadata daemon socket.
[   30.737573] systemd[1]: Listening on Journal Audit Socket.
[[0;32m  OK  [0m] Listening on Journal Audit Socket.
[[0;32m  OK  [0m] Listening on /dev/initctl Compatibility Named Pipe.
[[0;32m  OK  [0m] Listening on udev Kernel Socket.
[[0;32m  OK  [0m] Reached target Slices.
[[0;32m  OK  [0m] Listening on Syslog Socket.
[[0;32m  OK  [0m] Listening on Device-mapper event daemon FIFOs.
[[0;32m  OK  [0m] Listening on LVM2 poll daemon socket.
[[0;32m  OK  [0m] Listening on udev Control Socket.
[[0;32m  OK  [0m] Created slice system-serial\x2dgetty.slice.
[[0;32m  OK  [0m] Listening on Journal Socket (/dev/log).
[[0;32m  OK  [0m] Started Forward Password Requests to Wall Directory Watch.
[[0;32m  OK  [0m] Listening on Journal Socket.
         Mounting Huge Pages File System...
         Starting Journal Service...
         Starting Create list of required stâ€¦ce nodes for the current kernel...
         Mounting POSIX Message Queue File System...
[   31.555594] random: crng init done
[   31.578501] random: 5 urandom warning(s) missed due to ratelimiting
         Starting Remount Root a[   31.598471] EXT4-fs (sda1): re-mounted. Opts: (null)
nd Kernel File Systems...
         Starting Monitoring of LVM2 mirrorsâ€¦ng dmeventd or progress polling...
         Starting udev Coldplug all Devices...
         Starting Set the console keyboard layout...
         Starting Load Kernel Modules...
[   31.840400] Loading iSCSI transport class v2.0-870.
         Starting Uncomplicated firewall...
[[0;32m  OK  [0m] Listening on Network Service[   31.987110] iscsi: registered transport (tcp)
 Netlink Socket.
[[0;32m  OK  [0m] Reached target System Time Synchronized.
         Mounting Kernel Debug File System...
[   32.030136] iscsi: registered transport (iser)
[[0;32m  OK  [0m] Reached target Swap.
[[0;32m  OK  [0m] Started Journal Service.
[[0;32m  OK  [0m] Mounted Huge Pages File System.
[[0;32m  OK  [0m] Started Create list of required staâ€¦vice nodes for the current kernel.
[[0;32m  OK  [0m] Mounted POSIX Message Queue File System.
[[0;32m  OK  [0m] Started Remount Root and Kernel File Systems.
[[0;32m  OK  [0m] Started Set the console keyboard layout.
[[0;32m  OK  [0m] Started Load Kernel Modules.
[[0;32m  OK  [0m] Started Uncomplicated firewall.
[[0;32m  OK  [0m] Mounted Kernel Debug File System.
[[0;32m  OK  [0m] Started udev Coldplug all Devices.
[[0;32m  OK  [0m] Started LVM2 metadata daemon.
         Mounting FUSE Control File System...
         Mounting Kernel Configuration File System...
         Starting Apply Kernel Variables...
         Starting Initial cloud-init job (pre-networking)...
         Starting Load/Save Random Seed...
         Starting Create Static Device Nodes in /dev...
         Starting Flush Journal to Persistent Storage...
[[0;32m  OK  [0m] Started Monitoring of LVM2 mirrors,â€¦sing dmeventd or progress polling.
[[0;32m  OK  [0m] Mounted FUSE Control File System.
[[0;32m  OK  [0m] Mounted Kernel Configuration File System.
[[0;32m  OK  [0m] Started Apply Kernel Variables.
[[0;32m  OK  [0m] Started Load/Save Random Seed.
[[0;32m  OK  [0m] Started Create Static Device Nodes in /dev.
         Starting udev Kernel Device Manager...
[[0;32m  OK  [0m] Reached target Local File Systems (Pre).
[[0;32m  OK  [0m] Reached target Local File Systems.
         Starting AppArmor initialization...
         Starting ebtables ruleset management...
         Starting Set console font and keymap...
         Starting Tell Plymouth To Write Out Runtime Data...
[[0;32m  OK  [0m] Started udev Kernel Device Manager.
[[0;32m  OK  [0m] Started Dispatch Password Requests to Console Directory Watch.
[[0;32m  OK  [0m] Reached target Local Encrypted Volumes.
[[0;32m  OK  [0m] Started Set console font and keymap.
[[0;32m  OK  [0m] Started Tell Plymouth To Write Out Runtime Data.
[[0;32m  OK  [0m] Started ebtables ruleset management.
[[0;32m  OK  [0m] Started Flush Journal to Persistent Storage.
[[0;32m  OK  [0m] Found device /dev/ttyS0.
         Starting Create Volatile Files and Directories...
[[0;32m  OK  [0m] Started Create Volatile Files and Directories.
         Starting Update UTMP about System Boot/Shutdown...
[[0;32m  OK  [0m] Started Update UTMP about System Boot/Shutdown.
[[0;32m  OK  [0m] Listening on Load/Save RF Kill Switch Status /dev/rfkill Watch.
[[0;32m  OK  [0m] Started AppArmor initialization.
[   35.167224] cloud-init[430]: Cloud-init v. 18.4-0ubuntu1~18.04.1 running 'init-local' at Sat, 26 Jan 2019 08:54:12 +0000. Up 34.81 seconds.
[[0;32m  OK  [0m] Started Initial cloud-init job (pre-networking).
[[0;32m  OK  [0m] Reached target Network (Pre).
         Starting Network Service...
[[0;32m  OK  [0m] Started Network Service.
         Starting Network Name Resolution...
         Starting Wait for Network to be Configured...
[[0;32m  OK  [0m] Started Network Name Resolution.
[[0;32m  OK  [0m] Reached target Network.
[[0;32m  OK  [0m] Reached target Host and Network Name Lookups.
[[0;32m  OK  [0m] Started Wait for Network to be Configured.
         Starting Initial cloud-init job (metadata service crawler)...
[   38.022800] cloud-init[675]: Cloud-init v. 18.4-0ubuntu1~18.04.1 running 'init' at Sat, 26 Jan 2019 08:54:15 +0000. Up 37.87 seconds.
[   38.124549] cloud-init[675]: ci-info: ++++++++++++++++++++++++++++++++++++++Net device info+++++++++++++++++++++++++++++++++++++++
[   38.228520] cloud-init[675]: ci-info: +--------+------+-----------------------------+---------------+--------+-------------------+
[   38.280665] cloud-init[675]: ci-info: | Device |  Up  |           Address           |      Mask     | Scope  |     Hw-Address    |
[   38.392249] cloud-init[675]: ci-info: +--------+------+-----------------------------+---------------+--------+-------------------+
[   38.392391] cloud-init[675]: ci-info: | enp0s3 | True |          10.0.2.15          | 255.255.255.0 | global | 02:3c:7c:50:53:2f |
[[0;32m  OK  [0m] Started Initial cloud-init job (metadata service crawler).
[   38.392782] cloud-init[675]: ci-info: | enp0s3 | True |  fe80::3c:7cff:fe50:532f/64 |       .       |  link  | 02:3c:7c:50:53:2f |
[[   38.821667] cloud-init[675]: ci-info: | enp0s8 | True |        192.168.33.10        | 255.255.255.0 | global | 08:00:27:95:4f:cd |
[   38.822213] cloud-init[675]: ci-info: | enp0s8 | True | fe80::a00:27ff:fe95:4fcd/64 |       .       |  link  | 08:00:27:95:4f:cd |
[0;32m  OK  [0m] Reached target Cloud-config availability.
[[   38.822560] cloud-init[675]: ci-info: |   lo   | True |          127.0.0.1          |   255.0.0.0   |  host  |         .         |
[   39.133573] cloud-init[675]: ci-info: |   lo   | True |           ::1/128           |       .       |  host  |         .         |
[0;32m  OK  [0m] Reached target Network is Online.
[   39.133841] cloud-init[675]: ci-info: +--------+------+-----------------------------+---------------+--------+-------------------+
[[   39.409528] cloud-init[675]: ci-info: +++++++++++++++++++++++++++++Route IPv4 info+++++++++++++++++++++++++++++
[   39.410039] cloud-init[675]: ci-info: +-------+--------------+----------+-----------------+-----------+-------+
[0;32m  OK  [0m] Reached target Remote File Systems (Pre).
[   39.410456] cloud-init[675]: ci-info: | Route | Destination  | Gateway  |     Genmask     | Interface | Flags |
[[   39.805823] cloud-init[675]: ci-info: +-------+--------------+----------+-----------------+-----------+-------+
[   39.806133] cloud-init[675]: ci-info: |   0   |   0.0.0.0    | 10.0.2.2 |     0.0.0.0     |   enp0s3  |   UG  |
[0;32m  OK  [0m] Reached target Remote File Systems.
[   39.806521] cloud-init[675]: ci-info: |   1   |   10.0.2.0   | 0.0.0.0  |  255.255.255.0  |   enp0s3  |   U   |
         [   40.156619] Starting Availability of block devices...cloud-init
[675]: ci-info: |   2   |   10.0.2.2   | 0.0.0.0  | 255.255.255.255 |   enp0s3  |   UH  |
[[   40.313243] cloud-init[675]: ci-info: |   3   | 192.168.33.0 | 0.0.0.0  |  255.255.255.0  |   enp0s8  |   U   |
[   40.313658] cloud-init[675]: ci-info: +-------+--------------+----------+-----------------+-----------+-------+
[0;32m  OK  [0m] Reached target System Initialization.
[   40.314075] cloud-init[675]: ci-info: +++++++++++++++++++Route IPv6 info+++++++++++++++++++
[[0;32m  OK  [0m[   40.489364] ] cloud-initListening on UUID daemon activation socket.
[675]: ci-info: +-------+-------------+---------+-----------+-------+
[[   40.525276] cloud-init[675]: ci-info: | Route | Destination | Gateway | Interface | Flags |
[   40.525506] cloud-init[675]: ci-info: +-------+-------------+---------+-----------+-------+
[   40.525883] cloud-init[675]: ci-info: |   1   |  fe80::/64  |    ::   |   enp0s8  |   U   |
[   40.526264] cloud-init[675]: ci-info: |   2   |  fe80::/64  |    ::   |   enp0s3  |   U   |
[   40.526623] cloud-init[675]: ci-info: |   4   |    local    |    ::   |   enp0s3  |   U   |
[   40.527038] cloud-init[675]: ci-info: |   5   |    local    |    ::   |   enp0s8  |   U   |
[0;32m  OK  [0m] Started Daily apt download activities.
[[   41.137818] cloud-init[675]: ci-info: |   6   |   ff00::/8  |    ::   |   enp0s8  |   U   |
[   41.138379] cloud-init[675]: ci-info: |   7   |   ff00::/8  |    ::   |   enp0s3  |   U   |
[0;32m  OK  [0m] Listening on D-Bus System Message Bus Socket.
[   41.138815] cloud-init[675]: ci-info: +-------+-------------+---------+-----------+-------+
[[0;32m  OK  [0m] Listening on Open-iSCSI iscsid Socket.
         Starting Socket activation for snappy daemon.
[[0;32m  OK  [0m] Started Daily Cleanup of Temporary Directories.
         Starting LXD - unix socket.
[[0;32m  OK  [0m] Started ACPI Events Check.
[[0;32m  OK  [0m] Reached target Paths.
[[0;32m  OK  [0m] Started Message of the Day.
[[0;32m  OK  [0m] Started Discard unused blocks once a week.
[[0;32m  OK  [0m] Listening on ACPID Listen Socket.
[[0;32m  OK  [0m] Started Daily apt upgrade and clean activities.
[[0;32m  OK  [0m] Reached target Timers.
[[0;32m  OK  [0m] Started Availability of block devices.
[[0;32m  OK  [0m] Listening on Socket activation for snappy daemon.
[[0;32m  OK  [0m] Listening on LXD - unix socket.
[[0;32m  OK  [0m] Reached target Sockets.
[[0;32m  OK  [0m] Reached target Basic System.
         Starting vboxadd.service...
         Starting Permit User Sessions...
         Starting LSB: Record successful boot for GRUB...
         Starting LSB: automatic crash report generation...
         Starting Login Service...
[[0;32m  OK  [0m] Started Regular background program processing daemon.
         Starting Dispatcher daemon for systemd-networkd...
[[0;32m  OK  [0m] Started FUSE filesystem for LXC.
         Starting Accounts Service...
         Starting LXD - container startup/shutdown...
[[0;32m  OK  [0m] Started Deferred execution scheduler.
         Starting System Logging Service...
         Starting OpenBSD Secure Shell server...
[[0;32m  OK  [0m] Started D-Bus System Message Bus.
[[0;32m  OK  [0m] Started Login Service.
[[0;32m  OK  [0m] Started Unattended Upgrades Shutdown.
[[0;32m  OK  [0m] Started irqbalance daemon.
         Starting Snappy daemon...
[[0;32m  OK  [0m] Started System Logging Service.
[[0;32m  OK  [0m] Started Dispatcher daemon for systemd-networkd.
[[0;32m  OK  [0m] Started vboxadd.service.
[[0;32m  OK  [0m] Started Permit User Sessions.
[[0;32m  OK  [0m] Started LXD - container startup/shutdown.
[[0;32m  OK  [0m] Started OpenBSD Secure Shell server.
         Starting Authorization Manager...
         Starting Terminate Plymouth Boot Screen...
         Starting Hold until boot process finishes up...
         Starting vboxadd-service.service...
[[0;32m  OK  [0m] Started Snappy daemon.
[[0;32m  OK  [0m] Started LSB: Record successful boot for GRUB.
[[0;32m  OK  [0m] Started LSB: automatic crash report generation.
[[0;32m  OK  [0m] Started Terminate Plymouth Boot Screen.
[[0;32m  OK  [0m] Started Hold until boot process finishes up.
[[0;32m  OK  [0m] Started vboxadd-service.service.
[[0;32m  OK  [0m] Started Authorization Manager.
[[0;32m  OK  [0m] Started Accounts Service.
[[0;32m  OK  [0m] Created slice User Slice of vagrant.
[[0;32m  OK  [0m] Started Serial Getty on ttyS0.
         Starting Set console scheme...
         Starting Wait until snapd is fully seeded...
[[0;32m  OK  [0m] Started Set console scheme.
[[0;32m  OK  [0m] Started Wait until snapd is fully seeded.
         Starting User Manager for UID 1000...
         Starting Apply the settings specified in cloud-config...
[[0;32m  OK  [0m] Created slice system-getty.slice.
[[0;32m  OK  [0m] Started Getty on tty1.
[[0;32m  OK  [0m] Reached target Login Prompts.
[[0;32m  OK  [0m] Reached target Multi-User System.
[[0;32m  OK  [0m] Reached target Graphical Interface.
         Starting Update UTMP about System Runlevel Changes...
[[0;32m  OK  [0m] Started User Manager for UID 1000.
[[0;32m  OK  [0m] Started Session 1 of user vagrant.
[[0;32m  OK  [0m] Started Update UTMP about System Runlevel Changes.
[   45.862885] cloud-init[1124]: Cloud-init v. 18.4-0ubuntu1~18.04.1 running 'modules:config' at Sat, 26 Jan 2019 08:54:22 +0000. Up 45.20 seconds.
[[0;32m  OK  [0m] Started Apply the settings specified in cloud-config.
         Starting Execute cloud user/final scripts...
[   47.359902] cloud-init[1201]: Cloud-init v. 18.4-0ubuntu1~18.04.1 running 'modules:final' at Sat, 26 Jan 2019 08:54:24 +0000. Up 47.20 seconds.
[[   47.439068] cloud-init[1201]: Cloud-init v. 18.4-0ubuntu1~18.04.1 finished at Sat, 26 Jan 2019 08:54:24 +0000. Datasource DataSourceNoCloud [seed=/dev/sdb][dsmode=net].  Up 47.35 seconds
[0;32m  OK  [0m] Started Execute cloud user/final scripts.
[[0;32m  OK  [0m] Reached target Cloud-init target.

Ubuntu 18.04.1 LTS ubuntu-bionic ttyS0

ubuntu-bionic login: 